// Vitest Snapshot v1, https://vitest.dev/guide/snapshot.html

exports[`DateFormatter > formatCompact > snapshot: formats compact date consistently 1`] = `"07/25/25"`;

exports[`DateFormatter > formatDateOnly > snapshot: formats date-only consistently 1`] = `"Jul 25, 2025"`;

exports[`DateFormatter > formatRange > snapshot: formats range consistently 1`] = `"Jul 20, 2025 - Jul 25, 2025"`;

exports[`DateFormatter > formatTimestamp > snapshot: formats timestamp consistently 1`] = `"Jul 25, 2025, 02:30:00 PM UTC"`;

exports[`helper functions > formatTransaction > snapshot: formats transaction consistently 1`] = `"Jul 25, 2025, 02:30:00 PM UTC"`;

exports[`helper functions > formatTransactionDate > snapshot: formats transaction date consistently 1`] = `"Jul 25, 2025"`;
